M3_M2_CDNS_764888589642 metal2_conn,metal3_conn,Via2 NULL
M3_M2_CDNS_764888589644 metal2_conn,metal3_conn,Via2 NULL
inv nwell_conn,ndiff_conn,metal1_conn,cont_ndiff,ntap,psubstrate,poly_conn ptap,pdiff_conn,_nmos1v,cont_pdiff,cont_poly
M4_M3_CDNS_764888589645 Via3,metal3_conn,metal4_conn NULL
M1_PSUB_CDNS_7648885896414 ptap,metal1_conn,pdiff_conn,cont_pdiff NULL
M1_PO_CDNS_764888589649 metal1_conn,cont_poly,poly_conn NULL
M1_PO_CDNS_7648885896413 metal1_conn,cont_poly,poly_conn NULL
pmos1v_CDNS_764888589640 nwell_conn,metal1_conn,pdiff_conn,cont_pdiff,psubstrate,poly_conn NULL
pmos1v_CDNS_764888589643 nwell_conn,metal1_conn,pdiff_conn,_pmos1v,cont_pdiff,psubstrate,poly_conn NULL
M1_NWELL_CDNS_7648885896412 nwell_conn,metal1_conn NULL
nmos1v_CDNS_764888589641 ndiff_conn,metal1_conn,_nmos1v,cont_ndiff,psubstrate,poly_conn NULL
nmos1v_CDNS_764888589642 ndiff_conn,metal1_conn,_nmos1v,cont_ndiff,psubstrate,poly_conn NULL
fa_co_network nwell_conn,ndiff_conn,metal1_conn,cont_ndiff,metal2_conn,ntap,psubstrate,poly_conn ptap,pdiff_conn,_pmos1v,_nmos1v,Via1,cont_pdiff,cont_poly
full_adder_auto metal1_conn,_pmos1v,metal2_conn,psubstrate,metal3_conn,metal4_conn nwell_conn,ndiff_conn,ptap,Via3,pdiff_conn,cont_ndiff,_nmos1v,Via1,ntap,cont_pdiff,cont_poly,Via2,poly_conn
M2_M1_CDNS_764888589640 metal1_conn,metal2_conn,Via1 NULL
M2_M1_CDNS_764888589641 metal1_conn,metal2_conn,Via1 NULL
M2_M1_CDNS_764888589643 metal1_conn,metal2_conn,Via1 NULL
M2_M1_CDNS_764888589647 metal1_conn,metal2_conn,Via1 NULL
xor nwell_conn,metal1_conn,_pmos1v,metal2_conn,Via1,cont_poly,psubstrate,poly_conn ptap,ndiff_conn,pdiff_conn,cont_ndiff,_nmos1v,ntap,cont_pdiff
