M1_PO_CDNS_7650679370923 metal1_conn,cont_poly,poly_conn NULL
pmos1v_CDNS_765067937091 metal1_conn,cont_pdiff,pdiff_conn,psubstrate,nwell_conn,poly_conn NULL
M1_PO_CDNS_7650679370928 metal1_conn,cont_poly,poly_conn NULL
pmos1v_CDNS_765067937094 metal1_conn,cont_pdiff,pdiff_conn,_pmos1v,psubstrate,nwell_conn,poly_conn NULL
M1_PSUB_CDNS_7650679370922 metal1_conn,cont_pdiff,pdiff_conn,ptap NULL
mult_auto metal1_conn,metal4_conn,metal3_conn,metal10_conn,_pmos1v,metal11_conn,psubstrate,metal2_conn,Via2,metal5_conn Via4,_nmos1v,Via9,metal7_conn,Via1,cont_pdiff,Via3,ntap,cont_ndiff,Via5,metal9_conn,via10_nodev,pdiff_conn,Via8,metal6_conn,ndiff_conn,ptap,cont_poly,metal8_conn,via10_nocap,Via6,nwell_conn,Via7,poly_conn
inv metal1_conn,ntap,cont_ndiff,ndiff_conn,psubstrate,nwell_conn,poly_conn _nmos1v,cont_pdiff,pdiff_conn,cont_poly,ptap
M9_M8_CDNS_7650679370917 metal9_conn,Via8,metal8_conn NULL
nmos1v_CDNS_765067937090 _nmos1v,metal1_conn,cont_ndiff,ndiff_conn,psubstrate,poly_conn NULL
nmos1v_CDNS_765067937092 _nmos1v,metal1_conn,cont_ndiff,ndiff_conn,psubstrate,poly_conn NULL
nmos1v_CDNS_765067937093 _nmos1v,metal1_conn,cont_ndiff,ndiff_conn,psubstrate,poly_conn NULL
M8_M7_CDNS_7650679370916 metal7_conn,metal8_conn,Via7 NULL
M7_M6_CDNS_7650679370915 metal7_conn,metal6_conn,Via6 NULL
M6_M5_CDNS_7650679370914 Via5,metal6_conn,metal5_conn NULL
full_adder metal1_conn,metal4_conn,metal3_conn,_pmos1v,psubstrate,metal2_conn _nmos1v,Via1,cont_pdiff,Via3,ntap,cont_ndiff,pdiff_conn,ndiff_conn,ptap,cont_poly,nwell_conn,Via2,poly_conn
M5_M4_CDNS_7650679370913 Via4,metal4_conn,metal5_conn NULL
M4_M3_CDNS_7650679370910 metal4_conn,Via3,metal3_conn NULL
M3_M2_CDNS_7650679370911 metal3_conn,metal2_conn,Via2 NULL
M2_M1_CDNS_765067937091 metal1_conn,Via1,metal2_conn NULL
M2_M1_CDNS_765067937093 metal1_conn,Via1,metal2_conn NULL
M2_M1_CDNS_765067937099 metal1_conn,Via1,metal2_conn NULL
M11_M10_CDNS_7650679370919 via10_nodev,metal10_conn,metal11_conn,via10_nocap NULL
fa_co_network metal1_conn,ntap,cont_ndiff,ndiff_conn,psubstrate,metal2_conn,nwell_conn,poly_conn _nmos1v,Via1,cont_pdiff,pdiff_conn,_pmos1v,cont_poly,ptap
half_adder metal1_conn,metal3_conn,_pmos1v,psubstrate,metal2_conn _nmos1v,Via1,cont_pdiff,ntap,cont_ndiff,pdiff_conn,ndiff_conn,ptap,cont_poly,nwell_conn,Via2,poly_conn
M3_M2_CDNS_7650679370931 metal3_conn,metal2_conn,Via2 NULL
M2_M1_CDNS_7650679370921 metal1_conn,Via1,metal2_conn NULL
M2_M1_CDNS_7650679370924 metal1_conn,Via1,metal2_conn NULL
M2_M1_CDNS_7650679370925 metal1_conn,Via1,metal2_conn NULL
M3_M2_CDNS_765067937092 metal3_conn,metal2_conn,Via2 NULL
M3_M2_CDNS_765067937096 metal3_conn,metal2_conn,Via2 NULL
M10_M9_CDNS_7650679370918 Via9,metal9_conn,metal10_conn NULL
M4_M3_CDNS_765067937090 metal4_conn,Via3,metal3_conn NULL
M4_M3_CDNS_765067937094 metal4_conn,Via3,metal3_conn NULL
M4_M3_CDNS_765067937095 metal4_conn,Via3,metal3_conn NULL
M4_M3_CDNS_765067937097 metal4_conn,Via3,metal3_conn NULL
M1_NWELL_CDNS_7650679370920 metal1_conn,nwell_conn NULL
M5_M4_CDNS_765067937098 Via4,metal4_conn,metal5_conn NULL
and2 metal1_conn,ntap,cont_ndiff,ndiff_conn,_pmos1v,psubstrate,metal2_conn,nwell_conn,poly_conn _nmos1v,Via1,cont_pdiff,pdiff_conn,cont_poly,ptap
xor metal1_conn,Via1,_pmos1v,cont_poly,psubstrate,metal2_conn,nwell_conn,poly_conn _nmos1v,cont_pdiff,ntap,cont_ndiff,pdiff_conn,ndiff_conn,ptap
