M7_M6_CDNS_7645330339115 metal7_conn,metal6_conn,Via6 NULL
inv metal1_conn,cont_pdiff,ntap,cont_ndiff,pdiff_conn,ndiff_conn,ptap,cont_poly,psubstrate,nwell_conn,poly_conn _nmos1v,_pmos1v
M1_PO_CDNS_764533033915 metal1_conn,cont_poly,poly_conn NULL
M5_M4_CDNS_7645330339113 Via4,metal4_conn,metal5_conn NULL
M4_M3_CDNS_7645330339112 metal4_conn,Via3,metal3_conn NULL
M3_M2_CDNS_7645330339111 metal3_conn,metal2_conn,Via2 NULL
pmos1v_CDNS_764533033911 metal1_conn,cont_pdiff,pdiff_conn,_pmos1v,psubstrate,nwell_conn,poly_conn NULL
pmos1v_CDNS_764533033912 metal1_conn,cont_pdiff,pdiff_conn,_pmos1v,psubstrate,nwell_conn,poly_conn NULL
pmos1v_CDNS_764533033914 metal1_conn,cont_pdiff,pdiff_conn,_pmos1v,psubstrate,nwell_conn,poly_conn NULL
nmos1v_CDNS_764533033910 _nmos1v,metal1_conn,cont_ndiff,ndiff_conn,psubstrate,poly_conn NULL
nmos1v_CDNS_764533033913 _nmos1v,metal1_conn,cont_ndiff,ndiff_conn,psubstrate,poly_conn NULL
nmos1v_CDNS_764533033915 _nmos1v,metal1_conn,cont_ndiff,ndiff_conn,psubstrate,poly_conn NULL
M10_M9_CDNS_7645330339118 Via9,metal9_conn,metal10_conn NULL
half_adder metal1_conn,metal3_conn,psubstrate,metal2_conn,nwell_conn Via4,Via9,_nmos1v,metal7_conn,Via1,metal4_conn,cont_pdiff,Via3,ntap,cont_ndiff,Via5,metal9_conn,via10_nodev,pdiff_conn,Via8,metal6_conn,metal10_conn,_pmos1v,ndiff_conn,cont_poly,ptap,metal8_conn,metal11_conn,via10_nocap,Via6,Via2,Via7,metal5_conn,poly_conn
M11_M10_CDNS_7645330339119 via10_nodev,metal10_conn,metal11_conn,via10_nocap NULL
M2_M1_CDNS_764533033910 metal1_conn,Via1,metal2_conn NULL
M2_M1_CDNS_764533033911 metal1_conn,Via1,metal2_conn NULL
M2_M1_CDNS_764533033912 metal1_conn,Via1,metal2_conn NULL
M3_M2_CDNS_764533033913 metal3_conn,metal2_conn,Via2 NULL
M3_M2_CDNS_764533033914 metal3_conn,metal2_conn,Via2 NULL
M9_M8_CDNS_7645330339117 metal9_conn,Via8,metal8_conn NULL
and2 metal1_conn,cont_pdiff,ntap,cont_ndiff,metal3_conn,pdiff_conn,ndiff_conn,ptap,psubstrate,metal2_conn,nwell_conn,poly_conn Via4,_nmos1v,Via9,metal7_conn,Via1,metal4_conn,Via3,Via5,metal9_conn,via10_nodev,Via8,metal10_conn,metal6_conn,_pmos1v,cont_poly,metal11_conn,metal8_conn,via10_nocap,Via6,Via2,Via7,metal5_conn
M8_M7_CDNS_7645330339116 metal7_conn,metal8_conn,Via7 NULL
xor metal1_conn,psubstrate,metal2_conn,nwell_conn,poly_conn _nmos1v,Via1,cont_pdiff,ntap,cont_ndiff,pdiff_conn,ndiff_conn,_pmos1v,ptap,cont_poly
M6_M5_CDNS_7645330339114 Via5,metal6_conn,metal5_conn NULL
