M4_M3_CDNS_7650684642110 metal4_conn,Via3,metal3_conn NULL
mult_auto metal1_conn,metal4_conn,metal3_conn,metal10_conn,_pmos1v,metal11_conn,psubstrate,metal2_conn,Via2,metal5_conn Via4,_nmos1v,Via9,metal7_conn,Via1,cont_pdiff,Via3,ntap,cont_ndiff,Via5,metal9_conn,via10_nodev,pdiff_conn,Via8,metal6_conn,ndiff_conn,ptap,cont_poly,metal8_conn,via10_nocap,Via6,nwell_conn,Via7,poly_conn
M3_M2_CDNS_7650684642111 metal3_conn,metal2_conn,Via2 NULL
inv metal1_conn,ntap,cont_ndiff,ndiff_conn,psubstrate,nwell_conn,poly_conn _nmos1v,cont_pdiff,pdiff_conn,cont_poly,ptap
M1_PSUB_CDNS_7650684642122 metal1_conn,cont_pdiff,pdiff_conn,ptap NULL
M3_M2_CDNS_7650684642131 metal3_conn,metal2_conn,Via2 NULL
M1_NWELL_CDNS_7650684642120 metal1_conn,nwell_conn NULL
M2_M1_CDNS_7650684642121 metal1_conn,Via1,metal2_conn NULL
M2_M1_CDNS_7650684642124 metal1_conn,Via1,metal2_conn NULL
M2_M1_CDNS_7650684642125 metal1_conn,Via1,metal2_conn NULL
M10_M9_CDNS_7650684642118 Via9,metal9_conn,metal10_conn NULL
M2_M1_CDNS_765068464211 metal1_conn,Via1,metal2_conn NULL
M2_M1_CDNS_765068464213 metal1_conn,Via1,metal2_conn NULL
M2_M1_CDNS_765068464219 metal1_conn,Via1,metal2_conn NULL
full_adder metal1_conn,metal4_conn,metal3_conn,_pmos1v,psubstrate,metal2_conn _nmos1v,Via1,cont_pdiff,Via3,ntap,cont_ndiff,pdiff_conn,ndiff_conn,ptap,cont_poly,nwell_conn,Via2,poly_conn
M3_M2_CDNS_765068464212 metal3_conn,metal2_conn,Via2 NULL
M3_M2_CDNS_765068464216 metal3_conn,metal2_conn,Via2 NULL
M4_M3_CDNS_765068464210 metal4_conn,Via3,metal3_conn NULL
M4_M3_CDNS_765068464214 metal4_conn,Via3,metal3_conn NULL
M4_M3_CDNS_765068464215 metal4_conn,Via3,metal3_conn NULL
fa_co_network metal1_conn,ntap,cont_ndiff,ndiff_conn,psubstrate,metal2_conn,nwell_conn,poly_conn _nmos1v,Via1,cont_pdiff,pdiff_conn,_pmos1v,cont_poly,ptap
M4_M3_CDNS_765068464217 metal4_conn,Via3,metal3_conn NULL
half_adder metal1_conn,metal3_conn,_pmos1v,psubstrate,metal2_conn _nmos1v,Via1,cont_pdiff,ntap,cont_ndiff,pdiff_conn,ndiff_conn,ptap,cont_poly,nwell_conn,Via2,poly_conn
M1_PO_CDNS_7650684642123 metal1_conn,cont_poly,poly_conn NULL
M1_PO_CDNS_7650684642128 metal1_conn,cont_poly,poly_conn NULL
M5_M4_CDNS_765068464218 Via4,metal4_conn,metal5_conn NULL
M9_M8_CDNS_7650684642117 metal9_conn,Via8,metal8_conn NULL
M8_M7_CDNS_7650684642116 metal7_conn,metal8_conn,Via7 NULL
M7_M6_CDNS_7650684642115 metal7_conn,metal6_conn,Via6 NULL
M6_M5_CDNS_7650684642114 Via5,metal6_conn,metal5_conn NULL
and2 metal1_conn,ntap,cont_ndiff,ndiff_conn,_pmos1v,psubstrate,metal2_conn,nwell_conn,poly_conn _nmos1v,Via1,cont_pdiff,pdiff_conn,cont_poly,ptap
M11_M10_CDNS_7650684642119 via10_nodev,metal10_conn,metal11_conn,via10_nocap NULL
M5_M4_CDNS_7650684642113 Via4,metal4_conn,metal5_conn NULL
xor metal1_conn,Via1,_pmos1v,cont_poly,psubstrate,metal2_conn,nwell_conn,poly_conn _nmos1v,cont_pdiff,ntap,cont_ndiff,pdiff_conn,ndiff_conn,ptap
pmos1v_CDNS_765068464211 metal1_conn,cont_pdiff,pdiff_conn,psubstrate,nwell_conn,poly_conn NULL
pmos1v_CDNS_765068464214 metal1_conn,cont_pdiff,pdiff_conn,_pmos1v,psubstrate,nwell_conn,poly_conn NULL
nmos1v_CDNS_765068464210 _nmos1v,metal1_conn,cont_ndiff,ndiff_conn,psubstrate,poly_conn NULL
nmos1v_CDNS_765068464212 _nmos1v,metal1_conn,cont_ndiff,ndiff_conn,psubstrate,poly_conn NULL
nmos1v_CDNS_765068464213 _nmos1v,metal1_conn,cont_ndiff,ndiff_conn,psubstrate,poly_conn NULL
