M11_M10_CDNS_7651586358810 via10_nodev,metal10_conn,metal11_conn,via10_nocap NULL
inv metal1_conn,ntap,cont_ndiff,ndiff_conn,psubstrate,nwell_conn,poly_conn _nmos1v,cont_pdiff,pdiff_conn,cont_poly,ptap
M9_M8_CDNS_7651586358821 metal9_conn,Via8,metal8_conn NULL
M8_M7_CDNS_7651586358816 metal7_conn,metal8_conn,Via7 NULL
M7_M6_CDNS_7651586358813 metal7_conn,metal6_conn,Via6 NULL
pmos1v_CDNS_765158635880 metal1_conn,cont_pdiff,pdiff_conn,psubstrate,nwell_conn,poly_conn NULL
M6_M5_CDNS_7651586358819 Via5,metal6_conn,metal5_conn NULL
pmos1v_CDNS_765158635884 metal1_conn,cont_pdiff,pdiff_conn,psubstrate,nwell_conn,poly_conn NULL
pmos1v_CDNS_765158635887 metal1_conn,cont_pdiff,pdiff_conn,_pmos1v,psubstrate,nwell_conn,poly_conn NULL
pipeline_mult _nmos1v,metal1_conn,metal4_conn,metal3_conn,metal10_conn,_pmos1v,metal11_conn,psubstrate,metal2_conn,metal5_conn Via4,Via9,metal7_conn,Via1,cont_pdiff,Via3,ntap,cont_ndiff,Via5,metal9_conn,via10_nodev,pdiff_conn,Via8,metal6_conn,ndiff_conn,ptap,cont_poly,metal8_conn,via10_nocap,Via6,nwell_conn,Via2,Via7,poly_conn
M5_M4_CDNS_7651586358811 Via4,metal4_conn,metal5_conn NULL
M5_M4_CDNS_7651586358812 Via4,metal4_conn,metal5_conn NULL
full_adder metal1_conn,metal4_conn,metal3_conn,_pmos1v,psubstrate,metal2_conn _nmos1v,Via1,cont_pdiff,Via3,ntap,cont_ndiff,pdiff_conn,ndiff_conn,ptap,cont_poly,nwell_conn,Via2,poly_conn
nmos1v_CDNS_765158635881 metal1_conn,cont_ndiff,ndiff_conn,psubstrate,poly_conn NULL
nmos1v_CDNS_765158635882 metal1_conn,cont_ndiff,ndiff_conn,psubstrate,poly_conn NULL
nmos1v_CDNS_765158635883 _nmos1v,metal1_conn,cont_ndiff,ndiff_conn,psubstrate,poly_conn NULL
nmos1v_CDNS_765158635885 _nmos1v,metal1_conn,cont_ndiff,ndiff_conn,psubstrate,poly_conn NULL
nmos1v_CDNS_765158635886 _nmos1v,metal1_conn,cont_ndiff,ndiff_conn,psubstrate,poly_conn NULL
M4_M3_CDNS_7651586358818 metal4_conn,Via3,metal3_conn NULL
M3_M2_CDNS_7651586358814 metal3_conn,metal2_conn,Via2 NULL
M3_M2_CDNS_7651586358815 metal3_conn,metal2_conn,Via2 NULL
M10_M9_CDNS_765158635880 Via9,metal9_conn,metal10_conn NULL
M3_M2_CDNS_7651586358835 metal3_conn,metal2_conn,Via2 NULL
M2_M1_CDNS_7651586358817 metal1_conn,Via1,metal2_conn NULL
M2_M1_CDNS_7651586358820 metal1_conn,Via1,metal2_conn NULL
M2_M1_CDNS_7651586358826 metal1_conn,Via1,metal2_conn NULL
M2_M1_CDNS_7651586358827 metal1_conn,Via1,metal2_conn NULL
M2_M1_CDNS_7651586358829 metal1_conn,Via1,metal2_conn NULL
M1_NWELL_CDNS_7651586358828 metal1_conn,nwell_conn NULL
fa_co_network metal1_conn,ntap,cont_ndiff,ndiff_conn,psubstrate,metal2_conn,nwell_conn,poly_conn _nmos1v,Via1,cont_pdiff,pdiff_conn,_pmos1v,ptap,cont_poly
half_adder metal1_conn,metal3_conn,_pmos1v,psubstrate,metal2_conn _nmos1v,Via1,cont_pdiff,ntap,cont_ndiff,pdiff_conn,ndiff_conn,ptap,cont_poly,nwell_conn,Via2,poly_conn
M2_M1_CDNS_765158635885 metal1_conn,Via1,metal2_conn NULL
M2_M1_CDNS_765158635887 metal1_conn,Via1,metal2_conn NULL
M3_M2_CDNS_765158635884 metal3_conn,metal2_conn,Via2 NULL
M3_M2_CDNS_765158635888 metal3_conn,metal2_conn,Via2 NULL
and2 metal1_conn,ntap,cont_ndiff,ndiff_conn,_pmos1v,psubstrate,metal2_conn,nwell_conn,poly_conn _nmos1v,Via1,cont_pdiff,pdiff_conn,cont_poly,ptap
M4_M3_CDNS_765158635881 metal4_conn,Via3,metal3_conn NULL
M4_M3_CDNS_765158635882 metal4_conn,Via3,metal3_conn NULL
M4_M3_CDNS_765158635883 metal4_conn,Via3,metal3_conn NULL
M1_PO_CDNS_7651586358822 metal1_conn,cont_poly,poly_conn NULL
M1_PO_CDNS_7651586358823 metal1_conn,cont_poly,poly_conn NULL
M4_M3_CDNS_765158635886 metal4_conn,Via3,metal3_conn NULL
M4_M3_CDNS_765158635889 metal4_conn,Via3,metal3_conn NULL
xor metal1_conn,Via1,_pmos1v,cont_poly,psubstrate,metal2_conn,nwell_conn,poly_conn _nmos1v,cont_pdiff,ntap,cont_ndiff,pdiff_conn,ndiff_conn,ptap
M1_PO_CDNS_7651586358831 metal1_conn,cont_poly,poly_conn NULL
c2mos _nmos1v,metal1_conn,cont_pdiff,ntap,cont_ndiff,pdiff_conn,ndiff_conn,_pmos1v,ptap,psubstrate,metal2_conn,nwell_conn,poly_conn Via1,cont_poly
M1_PSUB_CDNS_7651586358830 metal1_conn,cont_pdiff,pdiff_conn,ptap NULL
