M8_M7_CDNS_7645518169615 metal7_conn,metal8_conn,Via7 NULL
M11_M10_CDNS_7645518169618 via10_nodev,metal10_conn,metal11_conn,via10_nocap NULL
M11_M10_CDNS_7645518169622 via10_nodev,metal10_conn,metal11_conn,via10_nocap NULL
M7_M6_CDNS_7645518169614 metal7_conn,metal6_conn,Via6 NULL
inv metal1_conn,cont_pdiff,ntap,cont_ndiff,pdiff_conn,ndiff_conn,ptap,cont_poly,psubstrate,nwell_conn,poly_conn NULL
M2_M1_CDNS_764551816961 metal1_conn,Via1,metal2_conn NULL
M2_M1_CDNS_764551816965 metal1_conn,Via1,metal2_conn NULL
M2_M1_CDNS_764551816968 metal1_conn,Via1,metal2_conn NULL
M6_M5_CDNS_7645518169613 Via5,metal6_conn,metal5_conn NULL
M5_M4_CDNS_7645518169612 Via4,metal4_conn,metal5_conn NULL
M3_M2_CDNS_764551816962 metal3_conn,metal2_conn,Via2 NULL
M3_M2_CDNS_764551816967 metal3_conn,metal2_conn,Via2 NULL
M3_M2_CDNS_764551816969 metal3_conn,metal2_conn,Via2 NULL
M4_M3_CDNS_7645518169611 metal4_conn,Via3,metal3_conn NULL
M1_NWELL_CDNS_764551816963 metal1_conn,nwell_conn NULL
full_adder _nmos1v,metal1_conn,ntap,cont_ndiff,metal3_conn,ndiff_conn,_pmos1v,psubstrate,metal2_conn,nwell_conn,Via2,poly_conn Via4,Via9,metal7_conn,Via1,metal4_conn,cont_pdiff,Via3,Via5,metal9_conn,via10_nodev,pdiff_conn,Via8,metal10_conn,metal6_conn,ptap,cont_poly,metal11_conn,metal8_conn,via10_nocap,Via6,Via7,metal5_conn
M2_M1_CDNS_7645518169610 metal1_conn,Via1,metal2_conn NULL
M1_PSUB_CDNS_764551816964 metal1_conn,cont_pdiff,pdiff_conn,ptap NULL
M1_PO_CDNS_764551816960 metal1_conn,cont_poly,poly_conn NULL
M10_M9_CDNS_7645518169617 Via9,metal9_conn,metal10_conn NULL
half_adder _nmos1v,metal1_conn,metal3_conn,_pmos1v,psubstrate,metal2_conn,nwell_conn Via4,Via9,metal7_conn,Via1,metal4_conn,cont_pdiff,Via3,ntap,cont_ndiff,Via5,metal9_conn,via10_nodev,pdiff_conn,Via8,metal6_conn,metal10_conn,ndiff_conn,cont_poly,ptap,metal8_conn,metal11_conn,via10_nocap,Via6,Via2,Via7,metal5_conn,poly_conn
pmos1v_CDNS_764551816960 metal1_conn,cont_pdiff,pdiff_conn,_pmos1v,psubstrate,nwell_conn,poly_conn NULL
pmos1v_CDNS_764551816963 metal1_conn,cont_pdiff,pdiff_conn,psubstrate,nwell_conn,poly_conn NULL
pmos1v_CDNS_764551816964 metal1_conn,cont_pdiff,pdiff_conn,psubstrate,nwell_conn,poly_conn NULL
pmos1v_CDNS_764551816966 metal1_conn,cont_pdiff,pdiff_conn,psubstrate,nwell_conn,poly_conn NULL
nmos1v_CDNS_764551816961 _nmos1v,metal1_conn,cont_ndiff,ndiff_conn,psubstrate,poly_conn NULL
nmos1v_CDNS_764551816962 metal1_conn,cont_ndiff,ndiff_conn,psubstrate,poly_conn NULL
nmos1v_CDNS_764551816965 _nmos1v,metal1_conn,cont_ndiff,ndiff_conn,psubstrate,poly_conn NULL
nmos1v_CDNS_764551816967 _nmos1v,metal1_conn,cont_ndiff,ndiff_conn,psubstrate,poly_conn NULL
mult metal1_conn,metal3_conn,metal10_conn,_pmos1v,metal11_conn,psubstrate,metal2_conn Via4,_nmos1v,Via9,metal7_conn,Via1,metal4_conn,cont_pdiff,Via3,ntap,cont_ndiff,Via5,metal9_conn,via10_nodev,pdiff_conn,Via8,metal6_conn,ndiff_conn,cont_poly,ptap,metal8_conn,via10_nocap,Via6,nwell_conn,Via2,Via7,metal5_conn,poly_conn
and2 metal1_conn,ntap,cont_ndiff,metal3_conn,ndiff_conn,psubstrate,metal2_conn,nwell_conn,poly_conn Via4,_nmos1v,Via9,metal7_conn,Via1,metal4_conn,cont_pdiff,Via3,Via5,metal9_conn,via10_nodev,pdiff_conn,Via8,metal10_conn,metal6_conn,ptap,cont_poly,metal11_conn,metal8_conn,via10_nocap,Via6,Via2,Via7,metal5_conn
xor metal1_conn,psubstrate,metal2_conn,nwell_conn,poly_conn _nmos1v,Via1,cont_pdiff,ntap,cont_ndiff,pdiff_conn,ndiff_conn,ptap,cont_poly
M9_M8_CDNS_7645518169616 metal9_conn,Via8,metal8_conn NULL
